af_alloy 12.44 4.192 3.995 4.368 4.24 same w 0.936 c 0.892 en c 0.771 fa c 0.879
af_aoede 7.72 4.007 3.619 4.325 4.244 same w 0.884 c 0.883 en c 0.851 fa c 0.888
af_bella 7.52 3.465 3.245 4.31 3.5 same w 0.983 c 0.901 en c 0.848 fa c 0.884
af_heart 7.92 4.293 4.315 4.522 4.354 same w 0.964 c 0.899 en c 0.822 fa c 0.851
af_jessica 9.69 3.807 3.249 4.425 3.974 same w 0.946 c 0.846 en c 0.668 fa c 0.755
af_kore 7.85 4.212 4.202 4.518 4.435 same w 0.925 c 0.785 en c 0.846 fa c 0.864
af_nicole 9.83 2.372 2.445 3.074 2.338 same w 0.968 c 0.933 en c 0.854 fa c 0.865
af_nova 10.79 4.389 4.38 4.495 4.435 same w 0.949 c 0.858 en c 0.637 fa c 0.815
af_river 9.96 4.132 3.554 4.432 4.388 same w 0.939 c 0.868 en c 0.771 fa c 0.845
af_sarah 8.07 4.364 4.356 4.51 4.437 same w 0.951 c 0.882 en c 0.806 fa c 0.903
af_sky 9.85 3.915 3.775 4.452 4.347 same w 0.943 c 0.933 en c 0.753 fa c 0.905
am_adam 8.29 3.916 3.534 4.455 4.283 same w 0.964 c 0.920 en c 0.870 fa c 0.915
am_echo 10.83 4.306 4.084 4.431 4.36 same w 0.949 c 0.865 en c 0.775 fa c 0.860
am_eric 9.2 3.946 4.018 4.405 4.285 same w 0.961 c 0.876 en c 0.811 fa c 0.870
am_fenrir 7.38 3.876 4.148 4.482 4.335 same w 0.962 c 0.860 en c 0.803 fa c 0.834
am_liam 9.95 3.987 3.738 4.411 4.366 same w 0.949 c 0.863 en c 0.784 fa c 0.815
am_michael 8.93 3.85 3.418 4.374 4.207 same w 0.969 c 0.894 en c 0.771 fa c 0.872
am_onyx 11.85 3.922 3.285 4.371 4.22 same w 0.946 c 0.896 en c 0.750 fa c 0.879
am_puck 7.73 3.694 3.915 4.467 4.415 same w 0.918 c 0.878 en c 0.815 fa c 0.884
am_santa 9.67 1.899 1.934 3.646 2.835 same w 0.987 c 0.924 en c 0.754 fa c 0.826
bf_alice 10.59 2.937 2.935 4.281 3.889 same w 0.951 c 0.913 en c 0.770 fa c 0.852
bf_emma 9.62 4.083 3.956 4.375 4.25 same w 0.971 c 0.921 en c 0.827 fa c 0.898
bf_isabella 10.4 3.891 3.802 4.4 4.219 same w 0.987 c 0.921 en c 0.862 fa c 0.912
bf_lily 11.92 3.384 3.164 4.37 3.884 same w 0.971 c 0.902 en c 0.773 fa c 0.854
bm_daniel 10.93 3.769 3.501 4.122 3.907 same w 0.981 c 0.919 en c 0.800 fa c 0.871
bm_fable 12.29 3.768 3.802 4.342 4.273 same w 0.988 c 0.941 en c 0.791 fa c 0.861
bm_george 11.24 3.373 3.315 4.261 3.765 same w 0.992 c 0.930 en c 0.759 fa c 0.825
bm_lewis 9.43 3.406 3.251 3.992 3.425 same w 0.985 c 0.932 en c 0.824 fa c 0.909
ef_dora 8.3 3.362 2.818 4.267 3.777 same w 0.974 c 0.845 en c 0.696 fa c 0.876
em_alex 8.67 2.766 2.81 4.025 3.561 same w 0.990 c 0.894 en c 0.700 fa c 0.889
em_santa 8.45 2.521 2.466 3.426 2.578 same w 0.982 c 0.932 en c 0.812 fa c 0.893
ff_siwis 8.41 3.315 3.008 3.912 3.74 same w 0.979 c 0.929 en c 0.846 fa c 0.902
hf_alpha 10.24 3.888 3.719 4.459 4.099 same w 0.987 c 0.903 en c 0.810 fa c 0.855
hf_beta 8.9 3.799 3.68 4.469 4.13 same w 0.987 c 0.894 en c 0.832 fa c 0.882
hm_omega 10.16 3.403 3.251 4.436 3.88 same w 0.969 c 0.919 en c 0.794 fa c 0.840
hm_psi 9.85 3.843 3.649 4.409 4.135 same w 0.989 c 0.943 en c 0.852 fa c 0.905
if_sara 9.24 3.59 3.386 4.494 4.178 same w 0.952 c 0.924 en c 0.725 fa c 0.822
im_nicola 10.11 3.715 3.509 4.369 3.863 same w 0.990 c 0.930 en c 0.729 fa c 0.799
jf_alpha 8.84 3.364 3.239 4.317 3.887 same w 0.983 c 0.914 en c 0.820 fa c 0.880
jf_gongitsune 9.96 2.945 2.97 4.326 3.18 same w 0.990 c 0.913 en c 0.666 fa c 0.846
jf_nezumi 8.8 3.525 3.565 4.35 3.713 same w 0.965 c 0.895 en c 0.720 fa c 0.810
jf_tebukuro 8.6 2.36 2.231 4.057 2.938 same w 0.984 c 0.897 en c 0.707 fa c 0.815
jm_kumo 8.52 3.863 3.892 4.425 4.045 same w 0.981 c 0.913 en c 0.752 fa c 0.899
pf_dora 8.57 3.16 2.772 4.289 3.755 same w 0.962 c 0.877 en c 0.703 fa c 0.861
pm_alex 8.83 2.965 2.919 3.835 3.441 same w 0.983 c 0.884 en c 0.693 fa c 0.902
pm_santa 8.89 2.453 2.309 3.326 2.496 same w 0.983 c 0.931 en c 0.817 fa c 0.878
zf_xiaobei 9.39 3.271 2.933 3.995 4.128 same w 0.975 c 0.942 en c 0.811 fa c 0.883
zf_xiaoni 7.93 3.211 2.934 4.41 3.966 same w 0.955 c 0.906 en c 0.789 fa c 0.854
zf_xiaoxiao 7.97 2.754 2.636 4.017 3.164 same w 0.970 c 0.903 en c 0.762 fa c 0.841
zf_xiaoyi 7.32 2.369 2.451 3.443 2.728 same w 0.967 c 0.871 en c 0.784 fa c 0.858
zm_yunjian 7.82 3.755 3.441 4.354 3.937 same w 0.969 c 0.944 en c 0.829 fa c 0.875
zm_yunxi 7.3 3.824 3.635 4.302 3.984 same w 0.977 c 0.908 en c 0.784 fa c 0.837
zm_yunxia 7.7 2.761 2.793 3.721 3.281 same w 0.965 c 0.888 en c 0.753 fa c 0.870
zm_yunyang 7.39 3.898 3.714 4.261 4.013 same w 0.969 c 0.910 en c 0.831 fa c 0.836
wavlm {"eer":{"t":0.922,"eer":0.037},"eerSameSex":{"t":0.936,"eer":0.0556},"same":{"min":0.8845,"p10":0.9428,"med":0.9688},"diff":{"med":0.6449,"p90":0.8853,"p99":0.9554,"max":0.9965},"diffSameSex":{"med":0.7946,"p99":0.9729,"max":0.9965},"crossEn":{"min":0.8195,"med":0.905},"crossFa":{"min":0.9129,"med":0.9733}}
ecapa {"eer":{"t":0.784,"eer":0.0042},"eerSameSex":{"t":0.784,"eer":0.0085},"same":{"min":0.7851,"p10":0.8632,"med":0.9031},"diff":{"med":0.1672,"p90":0.3385,"p99":0.6502,"max":0.9821},"diffSameSex":{"med":0.2073,"p99":0.7232,"max":0.9821},"crossEn":{"min":0.6366,"med":0.7891},"crossFa":{"min":0.755,"med":0.8696}}
